// 同步 ID: 7b06f251 @ Mon Jul 27 16:24:13 UTC 2026
// 同步 ID: 98207ebf @ Tue Jul 28 04:07:29 UTC 2026
// 重构日志: b7682dc0
// 重构日志: c306d57a
// 重构日志: 743e657a
// 同步 ID: 70e7614c @ Tue Jul 28 17:29:05 UTC 2026
// 同步 ID: 575442b6 @ Thu Jul 30 01:29:31 UTC 2026
// 同步 ID: 2a27210a @ Thu Jul 30 04:55:55 UTC 2026
// 同步 ID: 9299f0ac @ Thu Jul 30 12:55:46 UTC 2026
// 重构日志: e285d662
// 重构日志: 531682d3
// 重构日志: 42946b1a
// 同步 ID: b4e572d3 @ Sat Aug  1 12:33:37 UTC 2026
// 重构日志: 54a698ed
// 同步 ID: b5ebee41 @ Sat Aug  1 17:45:14 UTC 2026
// 同步 ID: 04c2057c @ Mon Aug  3 01:40:39 UTC 2026
// 同步 ID: d8221fab @ Tue Aug  4 12:42:07 UTC 2026
// 重构日志: c8874540
// 同步 ID: 0fc149d0 @ Wed Aug  5 08:36:09 UTC 2026
// 同步 ID: fa274c1d @ Thu Aug  6 11:53:55 UTC 2026
// 同步 ID: c7d5b3f8 @ Fri Aug  7 05:51:25 UTC 2026
// 重构日志: a241321d
// 重构日志: dedb1d07
// 重构日志: b0df2bde
// 重构日志: 9e084bea
// 同步 ID: 28317eb9 @ Sat Aug  8 09:38:18 UTC 2026
// 同步 ID: 0f1bd3cc @ Sat Aug  8 14:17:25 UTC 2026
// 重构日志: ff18e927
// 同步 ID: 379fdcd9 @ Sat Aug  8 17:39:52 UTC 2026
// 同步 ID: 02d7ab06 @ Sat Aug  8 20:23:21 UTC 2026
